\BOOKMARK [1][-]{section.1}{\376\377\000S\000t\000a\000g\000e\000\040\0000\000\040\040\024\000\040\000D\000a\000t\000a\000\040\000P\000r\000e\000p\000a\000r\000a\000t\000i\000o\000n\000\040\000/\000\040\145\160\143\156\121\306\131\007}{}% 1
\BOOKMARK [2][-]{subsection.1.1}{\376\377\000E\000x\000p\000\040\000A\000:\000\040\000R\000e\000a\000l\000\040\000P\000a\000p\000e\000r\000s\000\040\000/\000\040\167\037\133\236\213\272\145\207}{section.1}% 2
\BOOKMARK [2][-]{subsection.1.2}{\376\377\000E\000x\000p\000\040\000B\000:\000\040\000S\000y\000n\000t\000h\000e\000t\000i\000c\000\040\000D\000G\000P\000\040\000S\000c\000e\000n\000a\000r\000i\000o\000s\000\040\000/\000\040\124\010\142\020\000\040\000D\000G\000P\000\040\127\072\146\157}{section.1}% 3
\BOOKMARK [1][-]{section.2}{\376\377\000S\000t\000a\000g\000e\000\040\0001\000\040\040\024\000\040\000L\000L\000M\000\040\000G\000e\000n\000e\000r\000a\000t\000i\000o\000n\000\040\000/\000\040\000L\000L\000M\000\040\165\037\142\020}{}% 4
\BOOKMARK [2][-]{subsection.2.1}{\376\377\000E\000x\000p\000\040\000A\000\040\000C\000a\000l\000l\000s\000\040\000/\000\040\000E\000x\000p\000\040\000A\000\040\214\003\165\050}{section.2}% 5
\BOOKMARK [2][-]{subsection.2.2}{\376\377\000E\000x\000p\000\040\000B\000\040\000C\000a\000l\000l\000s\000\040\000/\000\040\000E\000x\000p\000\040\000B\000\040\214\003\165\050}{section.2}% 6
\BOOKMARK [1][-]{section.3}{\376\377\000S\000t\000a\000g\000e\000\040\0002\000\040\040\024\000\040\000E\000x\000t\000e\000r\000n\000a\000l\000\040\000V\000e\000r\000i\000f\000i\000c\000a\000t\000i\000o\000n\000\040\000\050\000P\000i\000l\000l\000a\000r\000\040\000A\000\051\000\040\000=\000\040\000L\0002\000b\000+}{}% 7
\BOOKMARK [2][-]{subsection.3.1}{\376\377\000S\000t\000e\000p\000\040\0002\000.\0001\000\040\040\024\000\040\000L\0001\000\040\000C\000h\000e\000c\000k\000\040\000/\000\040\000L\0001\000\040\150\300\147\345}{section.3}% 8
\BOOKMARK [2][-]{subsection.3.2}{\376\377\000S\000t\000e\000p\000\040\0002\000.\0002\000\040\040\024\000\040\000L\0002\000a\000:\000\040\000E\000x\000t\000r\000a\000c\000t\000\040\000R\000\040\000C\000o\000d\000e\000\040\000/\000\040\143\320\123\326\000\040\000R\000\040\116\343\170\001}{section.3}% 9
\BOOKMARK [2][-]{subsection.3.3}{\376\377\000S\000t\000e\000p\000\040\0002\000.\0003\000\040\040\024\000\040\000L\0002\000b\000:\000\040\000A\000c\000t\000u\000a\000l\000l\000y\000\040\000E\000x\000e\000c\000u\000t\000e\000\040\000C\000o\000d\000e\000\040\000/\000\040\167\037\153\143\142\147\210\114\116\343\170\001}{section.3}% 10
\BOOKMARK [2][-]{subsection.3.4}{\376\377\000S\000t\000e\000p\000\040\0002\000.\0004\000\040\040\024\000\040\000L\0002\000b\000+\000:\000\040\000E\000x\000t\000r\000a\000c\000t\000\040\000C\000o\000e\000f\000f\000i\000c\000i\000e\000n\000t\000\040\000+\000\040\000C\000o\000m\000p\000a\000r\000e\000\040\000/\000\040\143\320\123\326\174\373\145\160\000\040\000+\000\040\133\371\153\324\167\037\120\074}{section.3}% 11
\BOOKMARK [1][-]{section.4}{\376\377\000S\000t\000a\000g\000e\000\040\0003\000\040\040\024\000\040\000I\000n\000t\000e\000r\000n\000a\000l\000\040\000V\000e\000r\000i\000f\000i\000c\000a\000t\000i\000o\000n\000\040\000\050\000P\000i\000l\000l\000a\000r\000\040\000B\000\051\000\040\000=\000\040\000C\000a\000l\000i\000b\000r\000a\000t\000i\000o\000n}{}% 12
\BOOKMARK [2][-]{subsection.4.1}{\376\377\0003\000.\0001\000\040\000P\000i\000l\000o\000t\000\040\000\050\000j\000u\000s\000t\000\040\000c\000o\000m\000p\000l\000e\000t\000e\000d\000\051\000\040\000/\000\040\000P\000i\000l\000o\000t\377\010\122\032\120\132\133\214\377\011}{section.4}% 13
\BOOKMARK [2][-]{subsection.4.2}{\376\377\0003\000.\0002\000\040\000F\000u\000l\000l\000\040\000E\000x\000p\000e\000r\000i\000m\000e\000n\000t\000\040\000\050\000n\000e\000x\000t\000\051\000\040\000/\000\040\121\150\133\236\232\214\377\010\143\245\116\013\147\145\211\201\120\132\377\011}{section.4}% 14
\BOOKMARK [1][-]{section.5}{\376\377\000S\000t\000a\000g\000e\000\040\0004\000\040\040\024\000\040\000C\000r\000o\000s\000s\000-\000C\000h\000a\000n\000n\000e\000l\000\040\000A\000n\000a\000l\000y\000s\000i\000s}{}% 15
\BOOKMARK [2][-]{subsection.5.1}{\376\377\0004\000.\0001\000\040\000H\000e\000a\000d\000-\000t\000o\000-\000h\000e\000a\000d\000\040\000R\000a\000n\000k\000i\000n\000g}{section.5}% 16
\BOOKMARK [2][-]{subsection.5.2}{\376\377\0004\000.\0002\000\040\000A\000s\000y\000m\000m\000e\000t\000r\000y\000\040\000A\000n\000a\000l\000y\000s\000i\000s\000\040\000\050\000n\000e\000w\000\040\000i\000n\000\040\000v\0001\0001\000\051\000\040\000/\000\040\000A\000s\000y\000m\000m\000e\000t\000r\000y\000\040\122\006\147\220\377\010\000v\0001\0001\000\040\145\260\130\236\377\011}{section.5}% 17
\BOOKMARK [1][-]{section.6}{\376\377\000S\000t\000a\000g\000e\000\040\0005\000\040\040\024\000\040\000F\000i\000g\000u\000r\000e\000\040\000G\000e\000n\000e\000r\000a\000t\000i\000o\000n\000\040\000/\000\040\126\376\210\150\165\037\142\020}{}% 18
\BOOKMARK [1][-]{section.7}{\376\377\000S\000t\000a\000g\000e\000\040\0006\000\040\040\024\000\040\000P\000a\000p\000e\000r\000\040\000C\000o\000m\000p\000i\000l\000a\000t\000i\000o\000n\000\040\000/\000\040\213\272\145\207\177\026\213\321}{}% 19
\BOOKMARK [2][-]{subsection.7.1}{\376\377\0006\000.\0001\000\040\000L\000a\000T\000e\000X\000\040\000S\000o\000u\000r\000c\000e\000\040\000E\000d\000i\000t\000i\000n\000g\000\040\000/\000\040\000L\000a\000T\000e\000X\000\040\156\220\170\001\177\026\217\221}{section.7}% 20
\BOOKMARK [2][-]{subsection.7.2}{\376\377\0006\000.\0002\000\040\000C\000o\000m\000p\000i\000l\000a\000t\000i\000o\000n\000\040\000/\000\040\177\026\213\321}{section.7}% 21
\BOOKMARK [1][-]{section.8}{\376\377\000O\000n\000e\000-\000P\000a\000g\000e\000\040\000P\000i\000p\000e\000l\000i\000n\000e\000\040\000O\000v\000e\000r\000v\000i\000e\000w\000\040\000/\000\040\133\214\145\164\000\040\000P\000i\000p\000e\000l\000i\000n\000e\000\040\116\000\230\165\140\073\211\310}{}% 22
\BOOKMARK [1][-]{section.9}{\376\377\000E\000a\000c\000h\000\040\000S\000t\000a\000g\000e\000'\000s\000\040\000`\000`\000P\000a\000p\000e\000r\000\040\000A\000r\000g\000u\000m\000e\000n\000t\000'\000'\000\040\000/\000\040\153\317\116\052\000\040\000S\000t\000a\000g\000e\000\040\133\371\136\224\166\204\000\040\000`\000`\213\272\145\207\213\272\160\271\000'\000'}{}% 23
\BOOKMARK [1][-]{section.10}{\376\377\000W\000h\000e\000r\000e\000\040\000Y\000o\000u\000\040\000A\000r\000e\000\040\000N\000o\000w\000\040\000/\000\040\117\140\163\260\127\050\131\004\127\050\124\352\116\000\153\145}{}% 24
\BOOKMARK [1][-]{section.11}{\376\377\000T\000h\000r\000e\000e\000\040\000C\000h\000o\000i\000c\000e\000s\000\040\000A\000h\000e\000a\000d\000\040\000/\000\040\143\245\116\013\147\145\166\204\116\011\116\052\220\011\142\351}{}% 25
